// Jest Snapshot v1, https://goo.gl/fbAQLP

exports[`CharAvatar rendered result should match snapshot 1`] = `

<div class="avatar"
     style="height: 84px; width: 84px;"
>
  <img src="/static/assets/potraits/fatima_potrait.png"
       alt="Fatima"
  >
</div>

`;
